// Jest Snapshot v1, https://goo.gl/fbAQLP

exports[`Button It matches the snapshot 1`] = `
<div>
  <div
    class="button"
  >
    This is a Button component 
  </div>
</div>
`;
