// Jest Snapshot v1, https://goo.gl/fbAQLP

exports[`Link It matches the snapshot 1`] = `
<div>
  <a
    class="link"
    href="http://www.google.com"
  >
    This is a Link component 
  </a>
</div>
`;
